#-----------------------------------------------------------
# Vivado v2020.2 (64-bit)
# SW Build 3064766 on Wed Nov 18 09:12:45 MST 2020
# IP Build 3064653 on Wed Nov 18 14:17:31 MST 2020
# Start of session at: Tue May 26 11:18:34 2026
# Process ID: 14876
# Current directory: C:/Users/taham/Downloads/ElectroMagnetic-FPGA-3D-Renderer-rendering_new_new/ElectroMagnetic-FPGA-3D-Renderer-rendering_new_new/vivado_project/ray_renderer.runs/synth_1
# Command line: vivado.exe -log ray_unit_top.vds -product Vivado -mode batch -messageDb vivado.pb -notrace -source ray_unit_top.tcl
# Log file: C:/Users/taham/Downloads/ElectroMagnetic-FPGA-3D-Renderer-rendering_new_new/ElectroMagnetic-FPGA-3D-Renderer-rendering_new_new/vivado_project/ray_renderer.runs/synth_1/ray_unit_top.vds
# Journal file: C:/Users/taham/Downloads/ElectroMagnetic-FPGA-3D-Renderer-rendering_new_new/ElectroMagnetic-FPGA-3D-Renderer-rendering_new_new/vivado_project/ray_renderer.runs/synth_1\vivado.jou
#-----------------------------------------------------------
source ray_unit_top.tcl -notrace
